Command: C:\Espressif\python_env\idf5.5_py3.11_env\Scripts\python.exe C:\Espressif\frameworks\esp-idf-v5.5.1\tools/idf_monitor.py -p COM8 -b 115200 --toolchain-prefix xtensa-esp32-elf- --target esp32 --revision 0 C:\Users\Devansh\Downloads\Personal_Learning_project\build\Personal_Learning_project.elf C:\Users\Devansh\Downloads\Personal_Learning_project\build\bootloader\bootloader.elf --force-color -m 'C:\Espressif\python_env\idf5.5_py3.11_env\Scripts\python.exe' 'C:\Espressif\frameworks\esp-idf-v5.5.1\tools\idf.py' '-p' 'COM8'
ets Jun  8 2016 00:22:57

rst:0x1 (POWERON_RESET),boot:0x13 (SPI_FAST_FLASH_BOOT)
configsip: 0, SPIWP:0xee
clk_drv:0x00,q_drv:0x00,d_drv:0x00,cs0_drv:0x00,hd_drv:0x00,wp_drv:0x00
mode:DIO, clock div:2
load:0x3fff0030,len:6380
ho 0 tail 12 room 4
load:0x40078000,len:15916
load:0x40080400,len:3860
entry 0x40080638
[0;32mI (29) boot: ESP-IDF v5.5.1 2nd stage bootloader[0m
[0;32mI (29) boot: compile time Nov 21 2025 10:20:12[0m
[0;32mI (29) boot: Multicore bootloader[0m
[0;32mI (30) boot: chip revision: v1.1[0m
[0;32mI (33) boot.esp32: SPI Speed      : 40MHz[0m
[0;32mI (37) boot.esp32: SPI Mode       : DIO[0m
[0;32mI (40) boot.esp32: SPI Flash Size : 2MB[0m
[0;32mI (44) boot: Enabling RNG early entropy source...[0m
[0;32mI (48) boot: Partition Table:[0m
[0;32mI (51) boot: ## Label            Usage          Type ST Offset   Length[0m
[0;32mI (57) boot:  0 nvs              WiFi data        01 02 00009000 00006000[0m
[0;32mI (64) boot:  1 phy_init         RF data          01 01 0000f000 00001000[0m
[0;32mI (70) boot:  2 factory          factory app      00 00 00010000 00100000[0m
[0;32mI (77) boot: End of partition table[0m
[0;32mI (80) esp_image: segment 0: paddr=00010020 vaddr=3f400020 size=60a64h (395876) map[0m
[0;32mI (223) esp_image: segment 1: paddr=00070a8c vaddr=3ffb0000 size=04d4ch ( 19788) load[0m
[0;32mI (231) esp_image: segment 2: paddr=000757e0 vaddr=40080000 size=0a838h ( 43064) load[0m
[0;32mI (248) esp_image: segment 3: paddr=00080020 vaddr=400d0020 size=3bc58h (244824) map[0m
[0;32mI (331) esp_image: segment 4: paddr=000bbc80 vaddr=4008a838 size=07a48h ( 31304) load[0m
[0;32mI (344) esp_image: segment 5: paddr=000c36d0 vaddr=50000000 size=00020h (    32) load[0m
[0;32mI (353) boot: Loaded app from partition at offset 0x10000[0m
[0;32mI (354) boot: Disabling RNG early entropy source...[0m
[0;32mI (364) quad_psram: This chip is ESP32-D0WD[0m
[0;32mI (366) esp_psram: Found 8MB PSRAM device[0m
[0;32mI (366) esp_psram: Speed: 40MHz[0m
[0;32mI (366) esp_psram: PSRAM initialized, cache is in low/high (2-core) mode.[0m
[0;33mW (372) esp_psram: Virtual address not enough for PSRAM, map as much as we can. 4MB is mapped[0m
[0;32mI (380) cpu_start: Multicore app[0m
[0;32mI (1285) esp_psram: SPI SRAM memory test OK[0m
[0;32mI (1293) cpu_start: Pro cpu start user code[0m
[0;32mI (1293) cpu_start: cpu freq: 160000000 Hz[0m
[0;32mI (1294) app_init: Application information:[0m
[0;32mI (1294) app_init: Project name:     Personal_Learning_project[0m
[0;32mI (1299) app_init: App version:      1[0m
[0;32mI (1303) app_init: Compile time:     Nov 21 2025 10:43:28[0m
[0;32mI (1308) app_init: ELF file SHA256:  bd757bef9...[0m
[0;32mI (1312) app_init: ESP-IDF:          v5.5.1[0m
[0;32mI (1316) efuse_init: Min chip rev:     v0.0[0m
[0;32mI (1320) efuse_init: Max chip rev:     v3.99 [0m
[0;32mI (1324) efuse_init: Chip rev:         v1.1[0m
[0;32mI (1329) heap_init: Initializing. RAM available for dynamic allocation:[0m
[0;32mI (1335) heap_init: At 3FFAE6E0 len 00001920 (6 KiB): DRAM[0m
[0;32mI (1340) heap_init: At 3FFB8758 len 000278A8 (158 KiB): DRAM[0m
[0;32mI (1345) heap_init: At 3FFE0440 len 00003AE0 (14 KiB): D/IRAM[0m
[0;32mI (1351) heap_init: At 3FFE4350 len 0001BCB0 (111 KiB): D/IRAM[0m
[0;32mI (1356) heap_init: At 40092280 len 0000DD80 (55 KiB): IRAM[0m
[0;32mI (1362) esp_psram: Adding pool of 4096K of PSRAM memory to heap allocator[0m
[0;32mI (1369) spi_flash: detected chip: generic[0m
[0;32mI (1372) spi_flash: flash io: dio[0m
[0;33mW (1375) spi_flash: Detected size(4096k) larger than the size in the binary image header(2048k). Using the size in the binary image header.[0m
[0;32mI (1388) main_task: Started on CPU0[0m
[0;32mI (1398) esp_psram: Reserving pool of 32K of internal memory for DMA/internal allocations[0m
[0;32mI (1398) main_task: Calling app_main()[0m
[0;32mI (1418) SYSTEM: Init camera[0m
[0;32mI (1418) CAMERA: Initializing ESP32-CAM with PSRAM...[0m
[0;32mI (1418) CAMERA: âœ“ PSRAM detected[0m
[0;32mI (1418) CAMERA:   Total: 4194304 bytes (4.0 MB)[0m
[0;32mI (1418) CAMERA:   Free: 4192024 bytes (4.0 MB)[0m
[0;32mI (1428) CAMERA:   Free DRAM: 4439484 bytes[0m
[0;32mI (1428) cam_hal: cam init ok[0m
[0;32mI (1428) sccb-ng: pin_sda 26 pin_scl 27[0m
[0;32mI (1438) sccb-ng: sccb_i2c_port=1[0m
[0;32mI (1468) camera: Camera PID=0x26 VER=0x42 MIDL=0x7f MIDH=0xa2[0m
[0;32mI (1468) camera: Detected OV2640 camera[0m
[0;32mI (1468) camera: Detected camera at address=0x30[0m
[0;32mI (1548) cam_hal: PSRAM DMA mode disabled[0m
[0;32mI (1548) esp32 ll_cam: node_size: 3072, nodes_per_line: 1, lines_per_node: 4, dma_half_buffer_min:  3072, dma_half_buffer: 12288,lines_per_half_buffer: 16, dma_buffer_size: 24576, image_size: 18432[0m
[0;32mI (1558) cam_hal: buffer_size: 24576, half_buffer_size: 12288, node_buffer_size: 3072, node_cnt: 8, total_cnt: 1[0m
[0;32mI (1568) cam_hal: Allocating 9216 Byte frame buffer in PSRAM[0m
[0;32mI (1568) cam_hal: cam config ok[0m
[0;32mI (1578) ov2640: Set PLL: clk_2x: 0, clk_div: 3, pclk_auto: 1, pclk_div: 8[0m
[0;32mI (1658) CAMERA: âœ“ Camera initialized successfully![0m
[0;32mI (1658) SYSTEM: Init LEDs[0m
[0;32mI (1658) SYSTEM: Init HC-SR04[0m
[0;32mI (1748) SYSTEM: TFLM OK (arena used=82304 bytes)[0m
[0;32mI (1748) MEMORY: ===== MEMORY INFORMATION =====[0m
[0;32mI (1748) MEMORY: DRAM: total=4524375 bytes (4.31 MB), used=237052 bytes (0.23 MB), free=4287323 bytes (4.09 MB)[0m
[0;32mI (1758) MEMORY: PSRAM: total=4194304 bytes (4.00 MB), used=156180 bytes (0.15 MB), free=4038124 bytes (3.85 MB)[0m
[0;32mI (1768) MEMORY: Model weight size = 300568 bytes (293.523 KB)[0m
[0;32mI (1778) MEMORY: Model memory pointer = 0x3f4129b8[0m
[0;32mI (1778) MEMORY: Model is located in FLASH (expected)[0m
[0;32mI (1788) MEMORY: Tensor arena pointer = 0x3f803244[0m
[0;32mI (1788) MEMORY: Tensor arena size = 143360 bytes (140.00 KB)[0m
[0;32mI (1798) MEMORY: Tensor arena is located in PSRAM âœ“[0m
[0;32mI (1798) MEMORY: ================================[0m
[0;32mI (1838) SYSTEM: Distance: ERROR[0m
[0;32mI (1838) SYSTEM: System started (minimal logs).[0m
[0;32mI (1838) main_task: Returned from app_main()[0m
[0;32mI (2088) SYSTEM: Distance: 13.5 cm[0m
[0;32mI (2348) SYSTEM: Distance: 243.7 cm[0m
[0;32mI (2608) SYSTEM: Distance: 242.1 cm[0m
[0;32mI (2868) SYSTEM: Distance: 241.7 cm[0m
[0;32mI (3088) SYSTEM: No person (score=-42)[0m
[0;32mI (3128) SYSTEM: Distance: 245.4 cm[0m
[0;32mI (3388) SYSTEM: Distance: 242.1 cm[0m
[0;32mI (3648) SYSTEM: Distance: 241.6 cm[0m
[0;32mI (4728) SYSTEM: PERSON DETECTED (score=107)[0m
[0;32mI (4738) SYSTEM: Distance: 109.4 cm[0m
[0;32mI (4988) SYSTEM: Distance: 0.6 cm[0m
[0;32mI (5248) SYSTEM: Distance: 273.3 cm[0m
[0;32mI (5508) SYSTEM: Distance: 191.0 cm[0m
[0;32mI (6368) SYSTEM: No person (score=-21)[0m
[0;32mI (6378) SYSTEM: Distance: 58.3 cm[0m
[0;32mI (6628) SYSTEM: Distance: 50.9 cm[0m
[0;32mI (6878) SYSTEM: Distance: 51.2 cm[0m
[0;32mI (7128) SYSTEM: Distance: 52.1 cm[0m
[0;32mI (8008) SYSTEM: PERSON DETECTED (score=101)[0m
[0;32mI (8038) SYSTEM: Distance: ERROR[0m
[0;32mI (8318) SYSTEM: Distance: ERROR[0m
[0;32mI (8568) SYSTEM: Distance: 46.4 cm[0m
[0;32mI (9648) SYSTEM: No person (score=46)[0m
[0;32mI (9648) SYSTEM: Distance: 0.6 cm[0m
[0;32mI (9898) SYSTEM: Distance: 0.6 cm[0m
[0;32mI (10148) SYSTEM: Distance: 61.5 cm[0m
[0;32m